C:/Users/incano/STM32CubeIDE/workspace_1.10.1/Lab3/CMSIS/Include/core_cm3.h:1511:22:__NVIC_EnableIRQ	16	static
C:/Users/incano/STM32CubeIDE/workspace_1.10.1/Lab3/CMSIS/Include/core_cm3.h:1639:22:__NVIC_SetPriority	16	static
../Src/main.c:16:6:USART2_IRQHandler	16	static
../Src/main.c:28:6:init_portC	4	static
../Src/main.c:56:6:TIM2_IRQHandler	4	static
../Src/main.c:65:6:EXTI15_10_IRQHandler	8	static
../Src/main.c:76:6:initButton	8	static
../Src/main.c:102:6:initTIM2	8	static
../Src/main.c:115:6:initClk	4	static
../Src/main.c:155:6:initUSART2	8	static
../Src/main.c:183:6:txStr	32	static
../Src/main.c:195:6:ExecuteCommand	24	static
../Src/main.c:387:5:main	8	static
../Src/main.c:503:6:delay	24	static
