C:/Users/incano/STM32CubeIDE/workspace_1.10.1/Lab2/CMSIS/Include/core_cm3.h:1511:22:__NVIC_EnableIRQ	16	static
C:/Users/incano/STM32CubeIDE/workspace_1.10.1/Lab2/CMSIS/Include/core_cm3.h:1639:22:__NVIC_SetPriority	16	static
../Src/main.c:30:6:init_portC	4	static
../Src/main.c:61:6:TIM2_IRQHandler	4	static
../Src/main.c:91:6:EXTI15_10_IRQHandler	8	static
../Src/main.c:105:6:initButton	8	static
../Src/main.c:134:6:initTIM2	8	static
../Src/main.c:150:6:initClk	4	static
../Src/main.c:192:5:main	8	static
../Src/main.c:301:6:delay	24	static
